"<div class=\"group relative underline\">\n  <div class=\"invisible group-hover:visible group-focus-within:visible absolute -translate-x-1 -translate-y-full rounded-md shadow-sm bg-pink-200 bg-opacity-95 p-2\" role=\"tooltip\" aria-hidden=\"true\">\n    Test\n  </div>\n  \n  Underlined text\n\n</div>"